2025-11-27 19:55:46,269 [INFO] Activator:176 - 


2025-11-27 19:55:46,277 [INFO] Activator:177 - !SESSION log4j initialized
2025-11-27 19:55:48,338 [INFO] LogOutputStream:77 - [STDOUT_REDIRECT] 
2025-11-27 19:55:50,231 [INFO] ApplicationProperties:184 - Using Application install path: C:\ST\STM32CubeIDE_1.18.0\STM32CubeIDE\plugins\com.st.stm32cube.common.mx_6.14.1.202504091515
2025-11-27 19:55:50,243 [INFO] DbMcusXml:78 - Set database path to: C:\ST\STM32CubeIDE_1.18.0\STM32CubeIDE\plugins\com.st.stm32cube.common.mx_6.14.1.202504091515\\db\/mcu/
2025-11-27 19:55:50,243 [INFO] ApiDb:274 - Set plugin database path to: C:\ST\STM32CubeIDE_1.18.0\STM32CubeIDE\plugins\com.st.stm32cube.common.mx_6.14.1.202504091515\\db\/plugins/boardmanager/
2025-11-27 19:55:50,244 [WARN] ApiDb:259 - Overriding images path with different value:  => C:\ST\STM32CubeIDE_1.18.0\STM32CubeIDE\plugins\com.st.stm32cube.common.mx_6.14.1.202504091515\\db\/plugins/mcufinder/images/
2025-11-27 19:55:50,249 [INFO] ApiDb:250 - Set database path to: C:\Users\taejeong\.stmcufinder\plugins\mcufinder//mcu/
2025-11-27 19:55:50,250 [INFO] DbMcusAds:125 - Set database path to: C:\Users\taejeong\.stmcufinder\plugins\mcufinder//mcu/
2025-11-27 19:55:50,251 [INFO] CrossReferenceDbSqlite:203 - Set database path to: C:\Users\taejeong\.stmcufinder\plugins\mcufinder//mcu/cs/
2025-11-27 19:55:50,333 [INFO] RulesReader:64 - Compatibility file has been processed (302 Rules)
2025-11-27 19:55:50,403 [INFO] DbMcusXml:78 - Set database path to: C:\ST\STM32CubeIDE_1.18.0\STM32CubeIDE\plugins\com.st.stm32cube.common.mx_6.14.1.202504091515\\db\/mcu/
2025-11-27 19:55:50,403 [INFO] ApiDb:274 - Set plugin database path to: C:\ST\STM32CubeIDE_1.18.0\STM32CubeIDE\plugins\com.st.stm32cube.common.mx_6.14.1.202504091515\\db\/plugins/boardmanager/
2025-11-27 19:55:50,403 [INFO] ApiDb:261 - Set plugin images path to: C:\ST\STM32CubeIDE_1.18.0\STM32CubeIDE\plugins\com.st.stm32cube.common.mx_6.14.1.202504091515\\db\/plugins/mcufinder/images/
2025-11-27 19:55:50,403 [WARN] DbFile:41 - Overriding database path with different value: C:\Users\taejeong\.stmcufinder\plugins\mcufinder/ => C:\Users\taejeong\.stmcufinder\plugins\mcufinder
2025-11-27 19:55:50,403 [INFO] ApiDb:250 - Set database path to: C:\Users\taejeong\.stmcufinder\plugins\mcufinder//mcu/
2025-11-27 19:55:50,403 [WARN] DbFile:41 - Overriding database path with different value: C:\Users\taejeong\.stmcufinder\plugins\mcufinder/ => C:\Users\taejeong\.stmcufinder\plugins\mcufinder
2025-11-27 19:55:50,404 [INFO] DbMcusAds:125 - Set database path to: C:\Users\taejeong\.stmcufinder\plugins\mcufinder//mcu/
2025-11-27 19:55:50,404 [WARN] DbFile:41 - Overriding database path with different value: C:\Users\taejeong\.stmcufinder\plugins\mcufinder/ => C:\Users\taejeong\.stmcufinder\plugins\mcufinder
2025-11-27 19:55:50,404 [WARN] DbFile:41 - Overriding database path with different value: C:\Users\taejeong\.stmcufinder\plugins\mcufinder/ => C:\Users\taejeong\.stmcufinder\plugins\mcufinder
2025-11-27 19:55:50,404 [INFO] CrossReferenceDbSqlite:203 - Set database path to: C:\Users\taejeong\.stmcufinder\plugins\mcufinder//mcu/cs/
2025-11-27 19:55:50,458 [INFO] MainPanel:272 - HeapMemory: 268435456
2025-11-27 19:55:50,538 [INFO] DbMcusXml:78 - Set database path to: C:\ST\STM32CubeIDE_1.18.0\STM32CubeIDE\plugins\com.st.stm32cube.common.mx_6.14.1.202504091515\\db\/mcu/
2025-11-27 19:55:50,538 [INFO] ApiDb:274 - Set plugin database path to: C:\ST\STM32CubeIDE_1.18.0\STM32CubeIDE\plugins\com.st.stm32cube.common.mx_6.14.1.202504091515\\db\/plugins/boardmanager/
2025-11-27 19:55:50,538 [INFO] ApiDb:261 - Set plugin images path to: C:\ST\STM32CubeIDE_1.18.0\STM32CubeIDE\plugins\com.st.stm32cube.common.mx_6.14.1.202504091515\\db\/plugins/mcufinder/images/
2025-11-27 19:55:50,539 [WARN] DbFile:41 - Overriding database path with different value: C:\Users\taejeong\.stmcufinder\plugins\mcufinder/ => C:\Users\taejeong\.stmcufinder\plugins\mcufinder
2025-11-27 19:55:50,539 [INFO] ApiDb:250 - Set database path to: C:\Users\taejeong\.stmcufinder\plugins\mcufinder//mcu/
2025-11-27 19:55:50,539 [WARN] DbFile:41 - Overriding database path with different value: C:\Users\taejeong\.stmcufinder\plugins\mcufinder/ => C:\Users\taejeong\.stmcufinder\plugins\mcufinder
2025-11-27 19:55:50,539 [INFO] DbMcusAds:125 - Set database path to: C:\Users\taejeong\.stmcufinder\plugins\mcufinder//mcu/
2025-11-27 19:55:50,539 [WARN] DbFile:41 - Overriding database path with different value: C:\Users\taejeong\.stmcufinder\plugins\mcufinder/ => C:\Users\taejeong\.stmcufinder\plugins\mcufinder
2025-11-27 19:55:50,539 [WARN] DbFile:41 - Overriding database path with different value: C:\Users\taejeong\.stmcufinder\plugins\mcufinder/ => C:\Users\taejeong\.stmcufinder\plugins\mcufinder
2025-11-27 19:55:50,539 [INFO] CrossReferenceDbSqlite:203 - Set database path to: C:\Users\taejeong\.stmcufinder\plugins\mcufinder//mcu/cs/
2025-11-27 19:55:50,554 [INFO] ApplicationProperties:184 - Using Application install path: C:\ST\STM32CubeIDE_1.18.0\STM32CubeIDE\plugins\com.st.stm32cube.common.mx_6.14.1.202504091515
2025-11-27 19:55:50,555 [INFO] PluginManage:196 - Search for loadable plugins [exclusion list=, ]
2025-11-27 19:55:50,555 [INFO] PluginManage:310 - Check plugin analytics
2025-11-27 19:55:50,698 [INFO] AnalyticsPlugin:253 - Accepted Software Licenses: 
2025-11-27 19:55:50,698 [INFO] AnalyticsPlugin:255 - Accepted CMSIS Pack Licenses: 
2025-11-27 19:55:50,698 [INFO] AnalyticsPlugin:257 - Accepted Firmware Licenses: FW.F4.1.28.0
2025-11-27 19:55:50,701 [INFO] PluginManage:359 - Loaded plugin analytics (category:tool,tabindex:-1)
2025-11-27 19:55:50,701 [INFO] PluginManage:310 - Check plugin cadmodel
2025-11-27 19:55:50,705 [INFO] CADModel:105 - Init CAD model plugin
2025-11-27 19:55:50,705 [INFO] PluginManage:359 - Loaded plugin cadmodel (category:power,tabindex:5)
2025-11-27 19:55:50,705 [INFO] PluginManage:310 - Check plugin clock
2025-11-27 19:55:50,714 [INFO] PluginManage:359 - Loaded plugin clock (category:base,tabindex:2)
2025-11-27 19:55:50,714 [INFO] PluginManage:310 - Check plugin ddr
2025-11-27 19:55:50,716 [INFO] PluginManage:359 - Loaded plugin ddr (category:tool,tabindex:6)
2025-11-27 19:55:50,716 [INFO] PluginManage:310 - Check plugin filemanager
2025-11-27 19:55:50,827 [INFO] PluginManage:359 - Loaded plugin filemanager (category:base,tabindex:10)
2025-11-27 19:55:50,827 [INFO] PluginManage:310 - Check plugin ipmanager
2025-11-27 19:55:50,834 [INFO] PluginManage:359 - Loaded plugin ipmanager (category:base,tabindex:5)
2025-11-27 19:55:50,834 [INFO] PluginManage:310 - Check plugin lpbam
2025-11-27 19:55:50,840 [INFO] PluginManage:359 - Loaded plugin lpbam (category:base,tabindex:0)
2025-11-27 19:55:50,840 [INFO] PluginManage:310 - Check plugin memorymap
2025-11-27 19:55:50,849 [INFO] PluginManage:359 - Loaded plugin memorymap (category:base,tabindex:4)
2025-11-27 19:55:50,849 [INFO] PluginManage:310 - Check plugin pinoutandconfiguration
2025-11-27 19:55:50,854 [INFO] PluginManage:359 - Loaded plugin pinoutandconfiguration (category:base,tabindex:1)
2025-11-27 19:55:50,854 [INFO] PluginManage:310 - Check plugin pinoutconfig
2025-11-27 19:55:50,933 [WARN] SupportedApi:132 - Cannot load RTOS API schema: s4s-elt-must-match.1: The content of 'definitions' must match (annotation?, (simpleType | complexType)?, (unique | key | keyref)*)). A problem was found starting at: attribute.
2025-11-27 19:55:51,049 [INFO] PluginManage:359 - Loaded plugin pinoutconfig (category:base,tabindex:0)
2025-11-27 19:55:51,050 [INFO] PluginManage:310 - Check plugin power
2025-11-27 19:55:51,056 [INFO] PluginManage:359 - Loaded plugin power (category:power,tabindex:4)
2025-11-27 19:55:51,056 [INFO] PluginManage:310 - Check plugin projectmanager
2025-11-27 19:55:51,068 [INFO] PluginManage:359 - Loaded plugin projectmanager (category:projectmanager,tabindex:4)
2025-11-27 19:55:51,068 [INFO] PluginManage:310 - Check plugin rif
2025-11-27 19:55:51,072 [INFO] PluginManage:359 - Loaded plugin rif (category:base,tabindex:3)
2025-11-27 19:55:51,072 [INFO] PluginManage:310 - Check plugin thirdparty
2025-11-27 19:55:51,166 [INFO] PluginManage:359 - Loaded plugin thirdparty (category:base,tabindex:-1)
2025-11-27 19:55:51,166 [INFO] PluginManage:310 - Check plugin tools
2025-11-27 19:55:51,166 [WARN] IntegrityCheckThread:84 - waiting for thirdparty lock release [integrity check]
2025-11-27 19:55:51,166 [INFO] IntegrityCheckThread:86 - entering critical section [integrity check]
2025-11-27 19:55:51,167 [INFO] ThirdPartyUpdaterWithRetryManager:70 - Updater plugin not ready yet. [1/15]
2025-11-27 19:55:51,168 [INFO] PluginManage:359 - Loaded plugin tools (category:base,tabindex:7)
2025-11-27 19:55:51,168 [INFO] PluginManage:310 - Check plugin tutovideos
2025-11-27 19:55:51,278 [INFO] PluginManage:359 - Loaded plugin tutovideos (category:base,tabindex:-1)
2025-11-27 19:55:51,278 [INFO] PluginManage:310 - Check plugin updater
2025-11-27 19:55:51,294 [INFO] PluginManage:359 - Loaded plugin updater (category:base,tabindex:12)
2025-11-27 19:55:51,294 [INFO] PluginManage:310 - Check plugin userauth
2025-11-27 19:55:51,297 [INFO] UserAuth:118 - Init User Auth plugin
2025-11-27 19:55:51,298 [INFO] PluginManage:359 - Loaded plugin userauth (category:base,tabindex:14)
2025-11-27 19:55:51,299 [INFO] PluginManage:283 - PluginManage : Loaded plugins [18]
2025-11-27 19:55:51,481 [INFO] PinOutPanel:1589 - setPackage(No Configuration,No Configuration)
2025-11-27 19:55:51,550 [INFO] CADModel:165 - CPN selected for project level
2025-11-27 19:55:51,550 [INFO] CADModel:114 - Register for checkConnection events
2025-11-27 19:55:51,562 [INFO] IPUIPlugin:80 - create IPUIPlugin
2025-11-27 19:55:51,562 [INFO] PluginManager:220 - loadIPPluginJar : add adc
2025-11-27 19:55:51,564 [INFO] IPUIPlugin:80 - create IPUIPlugin
2025-11-27 19:55:51,564 [INFO] PluginManager:220 - loadIPPluginJar : add aes
2025-11-27 19:55:51,566 [INFO] IPUIPlugin:80 - create IPUIPlugin
2025-11-27 19:55:51,566 [INFO] PluginManager:220 - loadIPPluginJar : add can
2025-11-27 19:55:51,567 [INFO] IPUIPlugin:80 - create IPUIPlugin
2025-11-27 19:55:51,567 [INFO] PluginManager:220 - loadIPPluginJar : add comp
2025-11-27 19:55:51,568 [INFO] IPUIPlugin:80 - create IPUIPlugin
2025-11-27 19:55:51,568 [INFO] PluginManager:220 - loadIPPluginJar : add cryp
2025-11-27 19:55:51,569 [INFO] IPUIPlugin:80 - create IPUIPlugin
2025-11-27 19:55:51,570 [INFO] PluginManager:220 - loadIPPluginJar : add ddr_ctrl_phy
2025-11-27 19:55:51,571 [INFO] IPUIPlugin:80 - create IPUIPlugin
2025-11-27 19:55:51,571 [INFO] PluginManager:220 - loadIPPluginJar : add dfsdm
2025-11-27 19:55:51,574 [INFO] IPUIPlugin:80 - create IPUIPlugin
2025-11-27 19:55:51,574 [INFO] PluginManager:220 - loadIPPluginJar : add dma
2025-11-27 19:55:51,576 [INFO] IPUIPlugin:80 - create IPUIPlugin
2025-11-27 19:55:51,576 [INFO] PluginManager:220 - loadIPPluginJar : add dma3
2025-11-27 19:55:51,578 [INFO] IPUIPlugin:80 - create IPUIPlugin
2025-11-27 19:55:51,578 [INFO] PluginManager:220 - loadIPPluginJar : add extmemmanager
2025-11-27 19:55:51,579 [INFO] IPUIPlugin:80 - create IPUIPlugin
2025-11-27 19:55:51,579 [INFO] PluginManager:220 - loadIPPluginJar : add fatfs
2025-11-27 19:55:51,582 [INFO] IPUIPlugin:80 - create IPUIPlugin
2025-11-27 19:55:51,582 [INFO] PluginManager:220 - loadIPPluginJar : add fmc
2025-11-27 19:55:51,586 [INFO] IPUIPlugin:80 - create IPUIPlugin
2025-11-27 19:55:51,586 [INFO] PluginManager:220 - loadIPPluginJar : add freertos
2025-11-27 19:55:51,587 [INFO] IPUIPlugin:80 - create IPUIPlugin
2025-11-27 19:55:51,587 [INFO] PluginManager:220 - loadIPPluginJar : add genericplugin
2025-11-27 19:55:51,589 [INFO] IPUIPlugin:80 - create IPUIPlugin
2025-11-27 19:55:51,589 [INFO] PluginManager:220 - loadIPPluginJar : add gfxmmu
2025-11-27 19:55:51,591 [INFO] IPUIPlugin:80 - create IPUIPlugin
2025-11-27 19:55:51,591 [INFO] PluginManager:220 - loadIPPluginJar : add gic
2025-11-27 19:55:51,593 [INFO] IPUIPlugin:80 - create IPUIPlugin
2025-11-27 19:55:51,593 [INFO] PluginManager:220 - loadIPPluginJar : add gpio
2025-11-27 19:55:51,595 [INFO] IPUIPlugin:80 - create IPUIPlugin
2025-11-27 19:55:51,595 [INFO] PluginManager:220 - loadIPPluginJar : add gtzc
2025-11-27 19:55:51,596 [INFO] IPUIPlugin:80 - create IPUIPlugin
2025-11-27 19:55:51,596 [INFO] PluginManager:220 - loadIPPluginJar : add hash
2025-11-27 19:55:51,598 [INFO] IPUIPlugin:80 - create IPUIPlugin
2025-11-27 19:55:51,598 [INFO] PluginManager:220 - loadIPPluginJar : add i2c
2025-11-27 19:55:51,600 [INFO] IPUIPlugin:80 - create IPUIPlugin
2025-11-27 19:55:51,600 [INFO] PluginManager:220 - loadIPPluginJar : add i2s
2025-11-27 19:55:51,601 [INFO] IPUIPlugin:80 - create IPUIPlugin
2025-11-27 19:55:51,603 [INFO] PluginManager:220 - loadIPPluginJar : add i3c
2025-11-27 19:55:51,605 [INFO] IPUIPlugin:80 - create IPUIPlugin
2025-11-27 19:55:51,605 [INFO] PluginManager:220 - loadIPPluginJar : add ipddr
2025-11-27 19:55:51,609 [INFO] IPUIPlugin:80 - create IPUIPlugin
2025-11-27 19:55:51,609 [INFO] PluginManager:220 - loadIPPluginJar : add linkedlist
2025-11-27 19:55:51,612 [INFO] IPUIPlugin:80 - create IPUIPlugin
2025-11-27 19:55:51,612 [INFO] PluginManager:220 - loadIPPluginJar : add lorawan
2025-11-27 19:55:51,613 [INFO] IPUIPlugin:80 - create IPUIPlugin
2025-11-27 19:55:51,613 [INFO] PluginManager:220 - loadIPPluginJar : add ltdc
2025-11-27 19:55:51,617 [INFO] IPUIPlugin:80 - create IPUIPlugin
2025-11-27 19:55:51,617 [INFO] PluginManager:220 - loadIPPluginJar : add mdma
2025-11-27 19:55:51,621 [INFO] IPUIPlugin:80 - create IPUIPlugin
2025-11-27 19:55:51,621 [INFO] PluginManager:220 - loadIPPluginJar : add nvic
2025-11-27 19:55:51,623 [INFO] IPUIPlugin:80 - create IPUIPlugin
2025-11-27 19:55:51,623 [INFO] PluginManager:220 - loadIPPluginJar : add opamp
2025-11-27 19:55:51,626 [INFO] IPUIPlugin:80 - create IPUIPlugin
2025-11-27 19:55:51,626 [INFO] PluginManager:220 - loadIPPluginJar : add openamp
2025-11-27 19:55:51,628 [INFO] IPUIPlugin:80 - create IPUIPlugin
2025-11-27 19:55:51,629 [INFO] PluginManager:220 - loadIPPluginJar : add pdm2pcm
2025-11-27 19:55:51,634 [INFO] IPUIPlugin:80 - create IPUIPlugin
2025-11-27 19:55:51,636 [INFO] PluginManager:220 - loadIPPluginJar : add plateformsettings
2025-11-27 19:55:51,638 [INFO] IPUIPlugin:80 - create IPUIPlugin
2025-11-27 19:55:51,638 [INFO] PluginManager:220 - loadIPPluginJar : add quadspi
2025-11-27 19:55:51,640 [INFO] IPUIPlugin:80 - create IPUIPlugin
2025-11-27 19:55:51,641 [INFO] PluginManager:220 - loadIPPluginJar : add radio
2025-11-27 19:55:51,644 [INFO] IPUIPlugin:80 - create IPUIPlugin
2025-11-27 19:55:51,644 [INFO] PluginManager:220 - loadIPPluginJar : add resmgrutility
2025-11-27 19:55:51,648 [INFO] IPUIPlugin:80 - create IPUIPlugin
2025-11-27 19:55:51,648 [INFO] PluginManager:220 - loadIPPluginJar : add sai
2025-11-27 19:55:51,650 [INFO] IPUIPlugin:80 - create IPUIPlugin
2025-11-27 19:55:51,650 [INFO] PluginManager:220 - loadIPPluginJar : add spi
2025-11-27 19:55:51,656 [INFO] IPUIPlugin:80 - create IPUIPlugin
2025-11-27 19:55:51,656 [INFO] PluginManager:220 - loadIPPluginJar : add stm32_wpan
2025-11-27 19:55:51,657 [INFO] IPUIPlugin:80 - create IPUIPlugin
2025-11-27 19:55:51,657 [INFO] PluginManager:220 - loadIPPluginJar : add tim
2025-11-27 19:55:51,660 [INFO] IPUIPlugin:80 - create IPUIPlugin
2025-11-27 19:55:51,660 [INFO] PluginManager:220 - loadIPPluginJar : add touchsensing
2025-11-27 19:55:51,662 [INFO] IPUIPlugin:80 - create IPUIPlugin
2025-11-27 19:55:51,662 [INFO] PluginManager:220 - loadIPPluginJar : add tracer_emb
2025-11-27 19:55:51,663 [INFO] IPUIPlugin:80 - create IPUIPlugin
2025-11-27 19:55:51,663 [INFO] PluginManager:220 - loadIPPluginJar : add ts
2025-11-27 19:55:51,664 [INFO] IPUIPlugin:80 - create IPUIPlugin
2025-11-27 19:55:51,664 [INFO] PluginManager:220 - loadIPPluginJar : add tsc
2025-11-27 19:55:51,666 [INFO] IPUIPlugin:80 - create IPUIPlugin
2025-11-27 19:55:51,666 [INFO] PluginManager:220 - loadIPPluginJar : add ucpd
2025-11-27 19:55:51,669 [INFO] IPUIPlugin:80 - create IPUIPlugin
2025-11-27 19:55:51,669 [INFO] PluginManager:220 - loadIPPluginJar : add usart
2025-11-27 19:55:51,671 [INFO] IPUIPlugin:80 - create IPUIPlugin
2025-11-27 19:55:51,671 [INFO] PluginManager:220 - loadIPPluginJar : add usbx
2025-11-27 19:55:51,786 [FATAL] Updater:351 - Updater called before beeing initialized
2025-11-27 19:55:51,806 [INFO] RulesReader:64 - Compatibility file has been processed (302 Rules)
2025-11-27 19:55:51,814 [INFO] RulesReader:64 - Compatibility file has been processed (302 Rules)
2025-11-27 19:55:51,820 [INFO] CADModel:165 - CPN selected for project level
2025-11-27 19:55:51,821 [INFO] CADModel:114 - Register for checkConnection events
2025-11-27 19:55:51,821 [FATAL] Updater:351 - Updater called before beeing initialized
2025-11-27 19:55:51,821 [ERROR] CADModel:125 - Updater not yet initialized, retry later 
2025-11-27 19:55:51,954 [FATAL] Updater:351 - Updater called before beeing initialized
2025-11-27 19:55:51,955 [INFO] CADModel:165 - CPN selected for project level
2025-11-27 19:55:51,955 [INFO] CADModel:114 - Register for checkConnection events
2025-11-27 19:55:51,955 [FATAL] Updater:351 - Updater called before beeing initialized
2025-11-27 19:55:51,955 [ERROR] CADModel:125 - Updater not yet initialized, retry later 
2025-11-27 19:55:51,959 [FATAL] Updater:351 - Updater called before beeing initialized
2025-11-27 19:55:52,041 [FATAL] Updater:351 - Updater called before beeing initialized
2025-11-27 19:55:52,044 [INFO] DbMcusAds:53 - JSON generation date=Mon Nov 10 19:43:01 KST 2025 (1762771381096)
2025-11-27 19:55:52,044 [FATAL] Updater:351 - Updater called before beeing initialized
2025-11-27 19:55:52,068 [WARN] DetailPanel:346 - Failed to get advertising image, set to default
2025-11-27 19:55:52,273 [FATAL] Updater:351 - Updater called before beeing initialized
2025-11-27 19:55:52,274 [FATAL] Updater:351 - Updater called before beeing initialized
2025-11-27 19:55:52,274 [FATAL] Updater:351 - Updater called before beeing initialized
2025-11-27 19:55:52,274 [WARN] DetailPanel:346 - Failed to get advertising image, set to default
2025-11-27 19:55:52,275 [FATAL] Updater:351 - Updater called before beeing initialized
2025-11-27 19:55:52,315 [ERROR] Updater:1198 - MainUpdater not yet initialized. External WinMGr cannot be set.
2025-11-27 19:55:52,316 [INFO] Updater:1134 - Updater Version found : 6.14.1
2025-11-27 19:55:52,328 [INFO] ApplicationProperties:184 - Using Application install path: C:\ST\STM32CubeIDE_1.18.0\STM32CubeIDE\plugins\com.st.stm32cube.common.mx_6.14.1.202504091515
2025-11-27 19:55:53,895 [ERROR] LogOutputStream:75 - [STDERR_REDIRECT] Nov 27, 2025 7:55:53 PM java.util.prefs.WindowsPreferences <init>
2025-11-27 19:55:53,896 [ERROR] LogOutputStream:75 - [STDERR_REDIRECT] WARNING: Could not open/create prefs root node Software\JavaSoft\Prefs at root 0xffffffff80000002. Windows RegCreateKeyEx(...) returned error code 5.
2025-11-27 19:55:53,896 [ERROR] LogOutputStream:75 - [STDERR_REDIRECT] 
2025-11-27 19:55:54,167 [INFO] ThirdPartyUpdaterWithRetryManager:70 - Updater plugin not ready yet. [2/15]
2025-11-27 19:55:54,320 [INFO] MainUpdater:2872 - connection check result : 10
2025-11-27 19:55:54,321 [INFO] MainUpdater:289 - Updater Check For Update Now.
2025-11-27 19:55:54,321 [INFO] MicroXplorer:498 - Change Database Version : DB.6.0.141
2025-11-27 19:55:54,326 [INFO] McuFinderGlobals:63 - Set McuFinder mode to 2 (CubeIDE integrated)
2025-11-27 19:55:54,327 [INFO] UserAuth:484 - Internet connection configuration mode: 1
2025-11-27 19:55:54,340 [INFO] JxBrowserEngine:152 - Initiate JxBrowser Engine with user profile folder
2025-11-27 19:55:54,487 [INFO] CheckServerUpdateThread:120 - End of CheckServer Thread
2025-11-27 19:55:54,838 [INFO] WebApp:169 - Instantiating new browser for Auth
2025-11-27 19:55:55,353 [INFO] WebApp:463 - Apply proxy settings
2025-11-27 19:55:55,355 [INFO] WebApp:548 - Chromium requires no authentication
2025-11-27 19:55:55,360 [INFO] WebApp:491 - Direct internet connection detected
2025-11-27 19:55:55,374 [INFO] WebApp:894 - Register for checkConnection events
2025-11-27 19:55:55,374 [INFO] WebApp:463 - Apply proxy settings
2025-11-27 19:55:55,374 [INFO] WebApp:548 - Chromium requires no authentication
2025-11-27 19:55:55,374 [INFO] WebApp:491 - Direct internet connection detected
2025-11-27 19:55:55,480 [INFO] WebApp:225 - Starting web application
2025-11-27 19:55:55,480 [INFO] WebApp:593 - Web application path used C:\ST\STM32CubeIDE_1.18.0\STM32CubeIDE\plugins\com.st.stm32cube.common.mx_6.14.1.202504091515\db\plugins\mcufinder\reactClient1\index.html
2025-11-27 19:55:55,539 [INFO] UserAuth:484 - Internet connection configuration mode: 1
2025-11-27 19:55:55,720 [INFO] WebApp:191 - Connection restablished
2025-11-27 19:55:57,455 [WARN] PackLoader:240 - Cannot read IP mode file for STMicroelectronics.FP-SNS-MOTENVWB1.1.4.0
2025-11-27 19:55:57,464 [WARN] PackLoader:240 - Cannot read IP mode file for STMicroelectronics.FP-ATR-ASTRA1.2.0.2
2025-11-27 19:55:57,472 [WARN] PackLoader:240 - Cannot read IP mode file for STMicroelectronics.X-CUBE-SMBUS.2.1.0
2025-11-27 19:55:57,481 [WARN] PackLoader:240 - Cannot read IP mode file for STMicroelectronics.X-CUBE-WB05N.1.1.0
2025-11-27 19:55:57,489 [WARN] PackLoader:240 - Cannot read IP mode file for STMicroelectronics.X-CUBE-ST60.1.0.0
2025-11-27 19:55:57,514 [WARN] PackLoader:240 - Cannot read IP mode file for STMicroelectronics.X-CUBE-AZRTOS-F7.1.1.0
2025-11-27 19:55:57,523 [ERROR] Engine:466 - C:\Users\taejeong\.stm32cubemx\thirdparties\pdsc\STMicroelectronics.FP-SNS-MOTENV1.5.1.0.pdsc: PDSC version is not supported
2025-11-27 19:55:57,551 [WARN] PackLoader:240 - Cannot read IP mode file for Infineon.AIROC-Wi-Fi-Bluetooth-STM32.1.7.0
2025-11-27 19:55:57,581 [WARN] PackLoader:240 - Cannot read IP mode file for STMicroelectronics.X-CUBE-AZRTOS-H7.3.4.0
2025-11-27 19:55:57,595 [WARN] PackLoader:240 - Cannot read IP mode file for STMicroelectronics.X-CUBE-DISPLAY.3.0.0
2025-11-27 19:55:57,608 [WARN] PackLoader:240 - Cannot read IP mode file for STMicroelectronics.X-CUBE-NFC10.1.0.0
2025-11-27 19:55:57,621 [WARN] PackLoader:240 - Cannot read IP mode file for STMicroelectronics.X-CUBE-BLEMGR.4.0.0
2025-11-27 19:55:57,629 [WARN] PackLoader:240 - Cannot read IP mode file for STMicroelectronics.X-CUBE-ST60.1.1.0
2025-11-27 19:55:57,638 [WARN] PackLoader:240 - Cannot read IP mode file for emotas.I-CUBE-CANOPEN.1.3.0
2025-11-27 19:55:57,647 [WARN] PackLoader:240 - Cannot read IP mode file for STMicroelectronics.X-CUBE-GNSS1.7.1.0
2025-11-27 19:55:57,654 [WARN] ConditionMgr:438 - getConditionDescription Invalid condition id : Cortex-A Device cause : null
2025-11-27 19:55:57,671 [WARN] ConditionMgr:1044 - genDependencies : Invalid condition id : Cortex-A Device cause : null
2025-11-27 19:55:57,671 [WARN] ConditionMgr:1044 - genDependencies : Invalid condition id : Cortex-A Device cause : null
2025-11-27 19:55:57,671 [WARN] ConditionMgr:1044 - genDependencies : Invalid condition id : Cortex-A Device cause : null
2025-11-27 19:55:57,677 [WARN] PackLoader:240 - Cannot read IP mode file for STMicroelectronics.X-CUBE-AI.10.0.0
2025-11-27 19:55:57,682 [ERROR] Engine:466 - C:\Users\taejeong\.stm32cubemx\thirdparties\pdsc\STMicroelectronics.FP-SNS-STBOX1.2.1.0.pdsc: PDSC version is not supported
2025-11-27 19:55:57,688 [WARN] PackLoader:240 - Cannot read IP mode file for STMicroelectronics.FP-SNS-SMARTAG2.1.2.0
2025-11-27 19:55:57,693 [WARN] PackLoader:240 - Cannot read IP mode file for STMicroelectronics.FP-SNS-FLIGHT1.5.1.0
2025-11-27 19:55:57,747 [WARN] PackLoader:240 - Cannot read IP mode file for STMicroelectronics.X-CUBE-MEMS1.11.1.0
2025-11-27 19:55:57,899 [INFO] LogOutputStream:77 - [STDOUT_REDIRECT] 1 : Invalid condition id : UX_CORESTACK_Condition cause : null
2025-11-27 19:55:57,900 [INFO] LogOutputStream:77 - [STDOUT_REDIRECT] 1 : Invalid condition id : UX_CORESTACK_Condition cause : null
2025-11-27 19:55:57,901 [INFO] LogOutputStream:77 - [STDOUT_REDIRECT] 1 : Invalid condition id : UX_CORESTACK_Condition cause : null
2025-11-27 19:55:57,902 [INFO] LogOutputStream:77 - [STDOUT_REDIRECT] 1 : Invalid condition id : UX_CORESTACK_Condition cause : null
2025-11-27 19:55:57,903 [INFO] LogOutputStream:77 - [STDOUT_REDIRECT] 1 : Invalid condition id : UX_CORESTACK_Condition cause : null
2025-11-27 19:55:57,906 [WARN] PackLoader:240 - Cannot read IP mode file for STMicroelectronics.X-CUBE-AZRTOS-WL.2.0.0
2025-11-27 19:55:57,912 [WARN] PackLoader:240 - Cannot read IP mode file for STMicroelectronics.FP-SNS-MOTENV1.5.0.0
2025-11-27 19:55:57,932 [WARN] PackLoader:240 - Cannot read IP mode file for STMicroelectronics.X-CUBE-AZRTOS-H7RS.1.2.0
2025-11-27 19:55:57,944 [WARN] PackLoader:240 - Cannot read IP mode file for WES.I-CUBE-Cesium.1.3.0
2025-11-27 19:55:57,951 [WARN] PackLoader:240 - Cannot read IP mode file for STMicroelectronics.X-CUBE-BLE2.3.3.0
2025-11-27 19:55:57,974 [WARN] PackLoader:240 - Cannot read IP mode file for STMicroelectronics.X-CUBE-NFC9.1.0.0
2025-11-27 19:55:57,980 [WARN] PackLoader:240 - Cannot read IP mode file for STMicroelectronics.X-CUBE-BLE1.7.1.0
2025-11-27 19:55:57,986 [WARN] PackLoader:240 - Cannot read IP mode file for wolfSSL.I-CUBE-wolfMQTT.1.19.2
2025-11-27 19:55:57,988 [ERROR] Engine:466 - C:\Users\taejeong\.stm32cubemx\thirdparties\pdsc\STMicroelectronics.X-CUBE-FREERTOS.1.4.0.pdsc: PDSC version is not supported
2025-11-27 19:55:57,996 [WARN] PackLoader:240 - Cannot read IP mode file for STMicroelectronics.X-CUBE-EEPRMA1.5.2.0
2025-11-27 19:55:58,000 [ERROR] Engine:466 - C:\Users\taejeong\.stm32cubemx\thirdparties\pdsc\STMicroelectronics.X-CUBE-ST67W61.1.1.0.pdsc: PDSC version is not supported
2025-11-27 19:55:58,003 [WARN] PackLoader:240 - Cannot read IP mode file for STMicroelectronics.X-CUBE-AI.10.1.0
2025-11-27 19:55:58,032 [WARN] PackLoader:240 - Cannot read IP mode file for STMicroelectronics.X-CUBE-MEMS1.12.0.0
2025-11-27 19:55:58,134 [WARN] PackLoader:240 - Cannot read IP mode file for STMicroelectronics.X-CUBE-MEMS1.11.2.0
2025-11-27 19:55:58,230 [WARN] PackLoader:240 - Cannot read IP mode file for STMicroelectronics.X-CUBE-AZRTOS-G0.1.1.0
2025-11-27 19:55:58,241 [WARN] PackLoader:240 - Cannot read IP mode file for STMicroelectronics.X-CUBE-SAFEA1.1.2.2
2025-11-27 19:55:58,249 [WARN] PackLoader:240 - Cannot read IP mode file for STMicroelectronics.X-CUBE-NFC4.3.0.0
2025-11-27 19:55:58,258 [WARN] PackLoader:240 - Cannot read IP mode file for EmbeddedOffice.I-CUBE-FS-RTOS.1.0.1
2025-11-27 19:55:58,263 [WARN] PackLoader:240 - Cannot read IP mode file for STMicroelectronics.X-CUBE-WB05N.2.0.0
2025-11-27 19:55:58,269 [WARN] PackLoader:240 - Cannot read IP mode file for wolfSSL.I-CUBE-wolfTPM.3.8.0
2025-11-27 19:55:58,277 [WARN] PackLoader:240 - Cannot read IP mode file for STMicroelectronics.X-CUBE-TCPP.4.2.0
2025-11-27 19:55:58,286 [WARN] PackLoader:240 - Cannot read IP mode file for RealThread.X-CUBE-RT-Thread_Nano.4.1.1
2025-11-27 19:55:58,291 [WARN] PackLoader:240 - Cannot read IP mode file for STMicroelectronics.FP-ATR-SIGFOX1.3.2.0
2025-11-27 19:55:58,300 [WARN] PackLoader:240 - Cannot read IP mode file for STMicroelectronics.X-CUBE-EEPRMA1.5.1.0
2025-11-27 19:55:58,309 [WARN] PackLoader:240 - Cannot read IP mode file for wolfSSL.I-CUBE-wolfSSL.5.7.6
2025-11-27 19:55:58,317 [WARN] PackLoader:240 - Cannot read IP mode file for ITTIA_DB.I-CUBE-ITTIADB.8.9.0
2025-11-27 19:55:58,327 [WARN] PackLoader:240 - Cannot read IP mode file for STMicroelectronics.X-CUBE-ST67W61.1.0.0
2025-11-27 19:55:58,343 [WARN] PackLoader:240 - Cannot read IP mode file for STMicroelectronics.X-CUBE-AI.10.2.0
2025-11-27 19:55:58,371 [WARN] PackLoader:240 - Cannot read IP mode file for SEGGER.I-CUBE-embOS.1.3.1
2025-11-27 19:55:58,426 [WARN] PackLoader:240 - Cannot read IP mode file for STMicroelectronics.X-CUBE-ALGOBUILD.1.4.0
2025-11-27 19:55:58,496 [WARN] PackLoader:240 - Cannot read IP mode file for STMicroelectronics.X-CUBE-MEMS1.11.3.0
2025-11-27 19:55:58,636 [WARN] PackLoader:240 - Cannot read IP mode file for STMicroelectronics.X-CUBE-PM33A1.1.0.0
2025-11-27 19:55:58,650 [WARN] PackLoader:240 - Cannot read IP mode file for STMicroelectronics.X-CUBE-AZRTOS-F4.1.1.0
2025-11-27 19:55:58,659 [WARN] PackLoader:240 - Cannot read IP mode file for Avnet-IotConnect.X-CUBE-IoTC-DA16k-PMOD.1.0.0
2025-11-27 19:55:58,666 [WARN] PackLoader:240 - Cannot read IP mode file for STMicroelectronics.X-CUBE-ISPU.2.1.0
2025-11-27 19:55:58,672 [ERROR] Engine:466 - C:\Users\taejeong\.stm32cubemx\thirdparties\pdsc\STMicroelectronics.X-CUBE-IPS.3.2.0.pdsc: PDSC version is not supported
2025-11-27 19:55:58,679 [WARN] PackLoader:240 - Cannot read IP mode file for STMicroelectronics.X-CUBE-NFC12.1.0.0
2025-11-27 19:55:58,693 [WARN] PackLoader:240 - Cannot read IP mode file for STMicroelectronics.X-CUBE-AZRTOS-L5.2.0.0
2025-11-27 19:55:58,702 [WARN] PackLoader:240 - Cannot read IP mode file for STMicroelectronics.X-CUBE-NFC6.3.1.0
2025-11-27 19:55:58,711 [WARN] PackLoader:240 - Cannot read IP mode file for STMicroelectronics.X-CUBE-DPower.1.2.0
2025-11-27 19:55:58,717 [WARN] PackLoader:240 - Cannot read IP mode file for STMicroelectronics.X-CUBE-FREERTOS.1.3.1
2025-11-27 19:55:58,721 [WARN] PackLoader:240 - Cannot read IP mode file for STMicroelectronics.X-CUBE-FREERTOS.1.3.0
2025-11-27 19:55:58,730 [WARN] PackLoader:240 - Cannot read IP mode file for STMicroelectronics.X-CUBE-NFC7.1.0.1
2025-11-27 19:55:58,743 [WARN] PackLoader:240 - Cannot read IP mode file for STMicroelectronics.X-CUBE-TOUCHGFX.4.26.0
2025-11-27 19:55:58,753 [WARN] PackLoader:240 - Cannot read IP mode file for STMicroelectronics.FP-SNS-STAIOTCFT.1.0.0
2025-11-27 19:55:58,759 [WARN] PackLoader:240 - Cannot read IP mode file for STMicroelectronics.X-CUBE-DPower.1.3.0
2025-11-27 19:55:58,776 [WARN] ConditionMgr:438 - getConditionDescription Invalid condition id : LAN8742 Phy interface Condition cause : null
2025-11-27 19:55:58,776 [WARN] PackLoader:240 - Cannot read IP mode file for STMicroelectronics.X-CUBE-AZRTOS-L4.2.0.0
2025-11-27 19:55:58,777 [WARN] ConditionMgr:1044 - genDependencies : Invalid condition id : LAN8742 Phy interface Condition cause : null
2025-11-27 19:55:58,779 [WARN] ConditionMgr:1044 - genDependencies : Invalid condition id : LAN8742 Phy interface Condition cause : null
2025-11-27 19:55:58,779 [WARN] ConditionMgr:1044 - genDependencies : Invalid condition id : LAN8742 Phy interface Condition cause : null
2025-11-27 19:55:58,788 [WARN] PackLoader:240 - Cannot read IP mode file for STMicroelectronics.X-CUBE-SFXS2LP1.4.0.0
2025-11-27 19:55:58,807 [WARN] PackLoader:240 - Cannot read IP mode file for STMicroelectronics.X-CUBE-AZRTOS-H7.3.3.0
2025-11-27 19:55:58,819 [WARN] PackLoader:240 - Cannot read IP mode file for STMicroelectronics.X-CUBE-BLEMGR.4.1.0
2025-11-27 19:55:58,833 [WARN] ConditionMgr:438 - getConditionDescription Invalid condition id : UX DEVICE CLASS RTOS Condition cause : null
2025-11-27 19:55:58,833 [WARN] ConditionMgr:438 - getConditionDescription Invalid condition id : UX DEVICE CLASS RTOS Condition cause : null
2025-11-27 19:55:58,834 [WARN] PackLoader:240 - Cannot read IP mode file for STMicroelectronics.X-CUBE-AZRTOS-WB.2.0.0
2025-11-27 19:55:58,834 [WARN] ConditionMgr:1044 - genDependencies : Invalid condition id : UX DEVICE CLASS RTOS Condition cause : null
2025-11-27 19:55:58,834 [WARN] ConditionMgr:1044 - genDependencies : Invalid condition id : UX DEVICE CLASS RTOS Condition cause : null
2025-11-27 19:55:58,835 [WARN] ConditionMgr:1044 - genDependencies : Invalid condition id : UX DEVICE CLASS RTOS Condition cause : null
2025-11-27 19:55:58,835 [WARN] ConditionMgr:1044 - genDependencies : Invalid condition id : UX DEVICE CLASS RTOS Condition cause : null
2025-11-27 19:55:58,835 [WARN] ConditionMgr:1044 - genDependencies : Invalid condition id : UX DEVICE CLASS RTOS Condition cause : null
2025-11-27 19:55:58,840 [WARN] PackLoader:240 - Cannot read IP mode file for STMicroelectronics.X-CUBE-GNSS1.7.0.1
2025-11-27 19:55:58,845 [WARN] PackLoader:240 - Cannot read IP mode file for STMicroelectronics.X-CUBE-TOUCHGFX.4.25.0
2025-11-27 19:55:58,849 [WARN] PackLoader:240 - Cannot read IP mode file for STMicroelectronics.FP-SNS-STBOX1.2.0.0
2025-11-27 19:55:58,860 [WARN] PackLoader:240 - Cannot read IP mode file for STMicroelectronics.X-CUBE-SUBG2.5.0.0
2025-11-27 19:55:58,878 [WARN] PackLoader:240 - Cannot read IP mode file for STMicroelectronics.X-CUBE-AZRTOS-H7RS.1.1.0
2025-11-27 19:55:58,885 [WARN] PackLoader:240 - Cannot read IP mode file for Cesanta.I-CUBE-Mongoose.7.13.0
2025-11-27 19:55:58,895 [WARN] PackLoader:240 - Cannot read IP mode file for STMicroelectronics.X-CUBE-AZRTOS-G4.2.0.0
2025-11-27 19:55:58,901 [WARN] PackLoader:240 - Cannot read IP mode file for wolfSSL.I-CUBE-wolfSSH.1.4.20
2025-11-27 19:55:58,905 [WARN] PackLoader:240 - Cannot read IP mode file for STMicroelectronics.X-CUBE-NFC7.2.0.0
2025-11-27 19:55:58,914 [WARN] PackLoader:240 - Cannot read IP mode file for STMicroelectronics.X-CUBE-IPS.3.1.0
2025-11-27 19:55:58,922 [WARN] PackLoader:240 - Cannot read IP mode file for STMicroelectronics.X-CUBE-ALS.1.0.2
2025-11-27 19:55:58,927 [WARN] PackLoader:240 - Cannot read IP mode file for STMicroelectronics.X-CUBE-STSE01.1.0.0
2025-11-27 19:55:58,933 [WARN] PackLoader:240 - Cannot read IP mode file for portGmbH.I-Cube-SoM-uGOAL.1.1.0
2025-11-27 19:55:58,942 [WARN] PackLoader:240 - Cannot read IP mode file for STMicroelectronics.X-CUBE-TOF1.3.4.2
2025-11-27 19:55:58,951 [WARN] PackLoader:240 - Cannot read IP mode file for STMicroelectronics.X-CUBE-TOF1.3.4.3
2025-11-27 19:55:58,957 [INFO] ThirdParty:978 - Integrity check success = true
2025-11-27 19:55:58,957 [INFO] IntegrityCheckThread:100 - exiting critical section [integrity check]
2025-11-27 19:55:58,957 [INFO] IntegrityCheckThread:103 - End integrity checks thread
2025-11-27 19:56:01,440 [ERROR] LogOutputStream:75 - [STDERR_REDIRECT] 
