../Core/Src/main.c:252:6:DWT_Init	1
../Core/Src/main.c:266:6:DWT_Delay_us	2
../Core/Src/main.c:277:6:UART_Printf	1
../Core/Src/main.c:291:7:HCSR04_Read	7
../Core/Src/main.c:325:6:set_motor_direction	4
../Core/Src/main.c:370:6:set_motor_speed	4
../Core/Src/main.c:385:6:stop_all_motors	1
../Core/Src/main.c:396:6:move_forward_pwm	1
../Core/Src/main.c:404:6:move_backward_pwm	1
../Core/Src/main.c:412:6:rotate_right_inplace	1
../Core/Src/main.c:421:6:rotate_left_inplace	1
../Core/Src/main.c:430:6:perform_u_turn	1
../Core/Src/main.c:451:6:R_avoidance_sequence	1
../Core/Src/main.c:488:6:L_avoidance_sequence	1
../Core/Src/main.c:533:6:set_rgb_led	1
../Core/Src/main.c:545:6:set_led_priority_state	1
../Core/Src/main.c:558:6:update_led_state	12
../Core/Src/main.c:631:6:motor_control_init	1
../Core/Src/main.c:849:6:HandleControlJson	14
../Core/Src/main.c:879:6:ParseMqttLine	6
../Core/Src/main.c:907:6:MQTT_ProcessResponseBuffer	10
../Core/Src/main.c:653:6:Send_AT_Command	4
../Core/Src/main.c:722:9:MQTT_SetConfig	1
../Core/Src/main.c:740:9:MQTT_SetTopics	1
../Core/Src/main.c:756:9:MQTT_SetQos	1
../Core/Src/main.c:769:9:MQTT_ConnectBroker	2
../Core/Src/main.c:824:6:Publish_Message	1
../Core/Src/main.c:786:9:MQTT_Init_All	4
../Core/Src/main.c:1319:6:SystemClock_Config	3
../Core/Src/main.c:954:5:main	42
../Core/Src/main.c:1912:6:HAL_TIM_PeriodElapsedCallback	6
../Core/Src/main.c:1958:6:Error_Handler	1
