../Core/Src/main.c:249:6:DWT_Init	0	static
../Core/Src/main.c:263:6:DWT_Delay_us	16	static
../Core/Src/main.c:274:6:UART_Printf	112	static
../Core/Src/main.c:288:7:HCSR04_Read	40	static
../Core/Src/main.c:322:6:set_motor_direction	16	static
../Core/Src/main.c:367:6:set_motor_speed	0	static
../Core/Src/main.c:382:6:stop_all_motors	16	static
../Core/Src/main.c:393:6:move_forward_pwm	16	static
../Core/Src/main.c:401:6:move_backward_pwm	16	static
../Core/Src/main.c:409:6:rotate_right_inplace	16	static
../Core/Src/main.c:418:6:rotate_left_inplace	16	static
../Core/Src/main.c:427:6:perform_u_turn	16	static
../Core/Src/main.c:448:6:R_avoidance_sequence	40	static
../Core/Src/main.c:485:6:L_avoidance_sequence	40	static
../Core/Src/main.c:530:6:set_rgb_led	16	static
../Core/Src/main.c:542:6:set_led_priority_state	8	static
../Core/Src/main.c:555:6:update_led_state	24	static
../Core/Src/main.c:628:6:motor_control_init	16	static
../Core/Src/main.c:846:6:HandleControlJson	208	static
../Core/Src/main.c:876:6:ParseMqttLine	16	static
../Core/Src/main.c:904:6:MQTT_ProcessResponseBuffer	280	static
../Core/Src/main.c:650:6:Send_AT_Command	232	static
../Core/Src/main.c:719:9:MQTT_SetConfig	296	static
../Core/Src/main.c:737:9:MQTT_SetTopics	288	static
../Core/Src/main.c:753:9:MQTT_SetQos	64	static
../Core/Src/main.c:766:9:MQTT_ConnectBroker	160	static
../Core/Src/main.c:821:6:Publish_Message	968	static
../Core/Src/main.c:783:9:MQTT_Init_All	808	static
../Core/Src/main.c:1314:6:SystemClock_Config	104	static,ignoring_inline_asm
../Core/Src/main.c:951:5:main	184	static,ignoring_inline_asm
../Core/Src/main.c:1881:6:HAL_TIM_PeriodElapsedCallback	32	static
../Core/Src/main.c:1927:6:Error_Handler	0	static,ignoring_inline_asm
