../Core/Src/main.c:268:6:Reset_Encoders	0	static
../Core/Src/main.c:274:9:Get_Encoder_Avg	0	static
../Core/Src/main.c:372:6:DWT_Init	0	static
../Core/Src/main.c:386:6:DWT_Delay_us	16	static
../Core/Src/main.c:397:6:UART_Printf	112	static
../Core/Src/main.c:411:7:HCSR04_Read	40	static
../Core/Src/main.c:445:6:set_motor_direction	16	static
../Core/Src/main.c:490:6:set_motor_speed	0	static
../Core/Src/main.c:505:6:stop_all_motors	16	static
../Core/Src/main.c:516:6:move_forward_pwm	16	static
../Core/Src/main.c:525:6:fan_forward_pwm	16	static
../Core/Src/main.c:533:6:move_backward_pwm	16	static
../Core/Src/main.c:541:6:rotate_right_inplace	16	static
../Core/Src/main.c:550:6:rotate_left_inplace	16	static
../Core/Src/main.c:284:6:Run_Drive_Logic	24	static
../Core/Src/main.c:559:6:perform_u_turn	16	static
../Core/Src/main.c:580:6:R_avoidance_sequence	40	static
../Core/Src/main.c:617:6:L_avoidance_sequence	40	static
../Core/Src/main.c:662:6:set_rgb_led	16	static
../Core/Src/main.c:674:6:set_led_priority_state	8	static
../Core/Src/main.c:687:6:update_led_state	24	static
../Core/Src/main.c:760:6:motor_control_init	16	static
../Core/Src/main.c:978:6:HandleControlJson	208	static
../Core/Src/main.c:1008:6:ParseMqttLine	16	static
../Core/Src/main.c:1036:6:MQTT_ProcessResponseBuffer	280	static
../Core/Src/main.c:782:6:Send_AT_Command	232	static
../Core/Src/main.c:851:9:MQTT_SetConfig	296	static
../Core/Src/main.c:869:9:MQTT_SetTopics	288	static
../Core/Src/main.c:885:9:MQTT_SetQos	64	static
../Core/Src/main.c:898:9:MQTT_ConnectBroker	160	static
../Core/Src/main.c:953:6:Publish_Message	968	static
../Core/Src/main.c:915:9:MQTT_Init_All	808	static
../Core/Src/main.c:1409:6:SystemClock_Config	104	static,ignoring_inline_asm
../Core/Src/main.c:1083:5:main	192	static,ignoring_inline_asm
../Core/Src/main.c:1976:6:HAL_TIM_PeriodElapsedCallback	32	static
../Core/Src/main.c:2017:6:Error_Handler	0	static,ignoring_inline_asm
