../Core/Src/main.c:207:6:DWT_Init	1
../Core/Src/main.c:221:6:DWT_Delay_us	2
../Core/Src/main.c:232:6:UART_Printf	1
../Core/Src/main.c:246:7:HCSR04_Read	7
../Core/Src/main.c:280:6:set_motor_direction	4
../Core/Src/main.c:325:6:set_motor_speed	4
../Core/Src/main.c:340:6:stop_all_motors	1
../Core/Src/main.c:351:6:move_forward_pwm	1
../Core/Src/main.c:362:6:clean_go_pwm	1
../Core/Src/main.c:368:6:move_backward_pwm	1
../Core/Src/main.c:376:6:rotate_right_inplace	1
../Core/Src/main.c:385:6:rotate_left_inplace	1
../Core/Src/main.c:394:6:perform_u_turn	1
../Core/Src/main.c:415:6:R_avoidance_sequence	1
../Core/Src/main.c:446:6:L_avoidance_sequence	1
../Core/Src/main.c:483:6:motor_control_init	1
../Core/Src/main.c:701:6:HandleControlJson	14
../Core/Src/main.c:731:6:ParseMqttLine	6
../Core/Src/main.c:759:6:MQTT_ProcessResponseBuffer	10
../Core/Src/main.c:505:6:Send_AT_Command	4
../Core/Src/main.c:574:9:MQTT_SetConfig	1
../Core/Src/main.c:592:9:MQTT_SetTopics	1
../Core/Src/main.c:608:9:MQTT_SetQos	1
../Core/Src/main.c:621:9:MQTT_ConnectBroker	2
../Core/Src/main.c:676:6:Publish_Message	1
../Core/Src/main.c:638:9:MQTT_Init_All	4
../Core/Src/main.c:1096:6:SystemClock_Config	3
../Core/Src/main.c:806:5:main	45
../Core/Src/main.c:1663:6:HAL_TIM_PeriodElapsedCallback	6
../Core/Src/main.c:1704:6:Error_Handler	1
