../Core/Src/main.c:192:6:DWT_Init	4	static
../Core/Src/main.c:206:6:DWT_Delay_us	24	static
../Core/Src/main.c:217:6:UART_Printf	112	static
../Core/Src/main.c:231:7:HCSR04_Read	56	static
../Core/Src/main.c:265:6:set_motor_direction	32	static
../Core/Src/main.c:310:6:set_motor_speed	16	static
../Core/Src/main.c:325:6:stop_all_motors	8	static
../Core/Src/main.c:336:6:move_forward_pwm	16	static
../Core/Src/main.c:344:6:move_backward_pwm	16	static
../Core/Src/main.c:352:6:rotate_right_inplace	16	static
../Core/Src/main.c:361:6:rotate_left_inplace	16	static
../Core/Src/main.c:370:6:perform_u_turn	8	static
../Core/Src/main.c:391:6:R_avoidance_sequence	8	static
../Core/Src/main.c:424:6:L_avoidance_sequence	8	static
../Core/Src/main.c:464:6:motor_control_init	8	static
../Core/Src/main.c:485:6:MPU6050_Init	32	static
../Core/Src/main.c:502:6:MPU6050_Read_Accel	48	static
../Core/Src/main.c:512:6:MPU6050_Read_Gyro	48	static
../Core/Src/main.c:530:6:update_odometry	104	static
../Core/Src/main.c:623:6:calculate_gyro_bias	64	static
../Core/Src/main.c:654:5:main	312	static
../Core/Src/main.c:917:6:SystemClock_Config	88	static
../Core/Src/main.c:965:13:MX_I2C1_Init	8	static
../Core/Src/main.c:999:13:MX_TIM1_Init	96	static
../Core/Src/main.c:1078:13:MX_TIM2_Init	48	static
../Core/Src/main.c:1144:13:MX_TIM3_Init	56	static
../Core/Src/main.c:1193:13:MX_TIM4_Init	48	static
../Core/Src/main.c:1242:13:MX_TIM8_Init	56	static
../Core/Src/main.c:1292:13:MX_USART2_UART_Init	8	static
../Core/Src/main.c:1325:13:MX_USART3_UART_Init	8	static
../Core/Src/main.c:1358:13:MX_GPIO_Init	48	static
../Core/Src/main.c:1449:6:Error_Handler	4	static,ignoring_inline_asm
