../Core/Src/stm32f4xx_hal_msp.c:65:6:HAL_MspInit	8	static
../Core/Src/stm32f4xx_hal_msp.c:90:6:HAL_I2C_MspInit	48	static
../Core/Src/stm32f4xx_hal_msp.c:127:6:HAL_I2C_MspDeInit	8	static
../Core/Src/stm32f4xx_hal_msp.c:158:6:HAL_TIM_Base_MspInit	64	static
../Core/Src/stm32f4xx_hal_msp.c:236:6:HAL_TIM_Encoder_MspInit	48	static
../Core/Src/stm32f4xx_hal_msp.c:296:6:HAL_TIM_PWM_MspInit	8	static
../Core/Src/stm32f4xx_hal_msp.c:313:6:HAL_TIM_MspPostInit	40	static
../Core/Src/stm32f4xx_hal_msp.c:366:6:HAL_TIM_Base_MspDeInit	8	static
../Core/Src/stm32f4xx_hal_msp.c:429:6:HAL_TIM_Encoder_MspDeInit	0	static
../Core/Src/stm32f4xx_hal_msp.c:476:6:HAL_TIM_PWM_MspDeInit	0	static
../Core/Src/stm32f4xx_hal_msp.c:498:6:HAL_UART_MspInit	56	static
../Core/Src/stm32f4xx_hal_msp.c:564:6:HAL_UART_MspDeInit	8	static
