20:08:39 **** Incremental Build of configuration Debug for project SoundTest1127 ****
make -j16 all 
arm-none-eabi-gcc "../Core/Src/main.c" -mcpu=cortex-m4 -std=gnu11 -g3 -DDEBUG -DEI_CLASSIFIER_TFLITE_ENABLE_CMSIS_NN=1 -DEI_PORTING_STM32_CUBEAI=1 -DARM_MATH_CM4 -D__FPU_PRESENT=1 -DTF_LITE_STATIC_MEMORY=1 -DUSE_HAL_DRIVER -DSTM32F446xx -c -I../Core/Inc -I"C:/Users/taejeong/STM32CubeIDE/iot/NewIot1123/VibeClean/HW/STM32/Edge-AI" -I"C:/Users/taejeong/STM32CubeIDE/iot/NewIot1123/VibeClean/HW/STM32/Edge-AI/edge-impulse-sdk" -I"C:/Users/taejeong/STM32CubeIDE/iot/NewIot1123/VibeClean/HW/STM32/Edge-AI/model-parameters" -I"C:/Users/taejeong/STM32CubeIDE/iot/NewIot1123/VibeClean/HW/STM32/Edge-AI/tflite-model" -I"C:/Users/taejeong/STM32CubeIDE/iot/NewIot1123/VibeClean/HW/STM32/Edge-AI/edge-impulse-sdk/porting" -I"C:/Users/taejeong/STM32CubeIDE/iot/NewIot1123/VibeClean/HW/STM32/Edge-AI/edge-impulse-sdk/classifier" -I"C:/Users/taejeong/STM32CubeIDE/iot/NewIot1123/VibeClean/HW/STM32/Edge-AI/edge-impulse-sdk/CMSIS/Core/Include" -I"C:/Users/taejeong/STM32CubeIDE/iot/NewIot1123/VibeClean/HW/STM32/Edge-AI/edge-impulse-sdk/CMSIS/DSP/Include" -I"C:/Users/taejeong/STM32CubeIDE/iot/NewIot1123/VibeClean/HW/STM32/Edge-AI/edge-impulse-sdk/dsp" -IC:/Users/taejeong/STM32Cube/Repository/STM32Cube_FW_F4_V1.28.3/Drivers/STM32F4xx_HAL_Driver/Inc -IC:/Users/taejeong/STM32Cube/Repository/STM32Cube_FW_F4_V1.28.3/Drivers/STM32F4xx_HAL_Driver/Inc/Legacy -IC:/Users/taejeong/STM32Cube/Repository/STM32Cube_FW_F4_V1.28.3/Drivers/CMSIS/Device/ST/STM32F4xx/Include -IC:/Users/taejeong/STM32Cube/Repository/STM32Cube_FW_F4_V1.28.3/Drivers/CMSIS/Include -IC:/Users/82109/STM32Cube/Repository/STM32Cube_FW_F4_V1.28.3/Drivers/STM32F4xx_HAL_Driver/Inc -IC:/Users/82109/STM32Cube/Repository/STM32Cube_FW_F4_V1.28.3/Drivers/STM32F4xx_HAL_Driver/Inc/Legacy -IC:/Users/82109/STM32Cube/Repository/STM32Cube_FW_F4_V1.28.3/Drivers/CMSIS/Device/ST/STM32F4xx/Include -IC:/Users/82109/STM32Cube/Repository/STM32Cube_FW_F4_V1.28.3/Drivers/CMSIS/Include -IC:/Users/goldl/STM32Cube/Repository/STM32Cube_FW_F4_V1.28.3/Drivers/STM32F4xx_HAL_Driver/Inc -IC:/Users/goldl/STM32Cube/Repository/STM32Cube_FW_F4_V1.28.3/Drivers/STM32F4xx_HAL_Driver/Inc/Legacy -IC:/Users/goldl/STM32Cube/Repository/STM32Cube_FW_F4_V1.28.3/Drivers/CMSIS/Device/ST/STM32F4xx/Include -IC:/Users/goldl/STM32Cube/Repository/STM32Cube_FW_F4_V1.28.3/Drivers/CMSIS/Include -IC:/Users/taejeong/STM32Cube/Repository/STM32Cube_FW_F4_V1.28.3/Middlewares/Third_Party/FreeRTOS/Source/include -IC:/Users/taejeong/STM32Cube/Repository/STM32Cube_FW_F4_V1.28.3/Middlewares/Third_Party/FreeRTOS/Source/CMSIS_RTOS_V2 -IC:/Users/taejeong/STM32Cube/Repository/STM32Cube_FW_F4_V1.28.3/Middlewares/Third_Party/FreeRTOS/Source/portable/GCC/ARM_CM4F -O2 -ffunction-sections -fdata-sections -Wall -fstack-usage -fcyclomatic-complexity -MMD -MP -MF"Core/Src/main.d" -MT"Core/Src/main.o" --specs=nano.specs -mfpu=fpv4-sp-d16 -mfloat-abi=hard -mthumb -o "Core/Src/main.o"
In file included from C:/Users/taejeong/STM32Cube/Repository/STM32Cube_FW_F4_V1.28.3/Drivers/CMSIS/Device/ST/STM32F4xx/Include/stm32f4xx.h:156,
                 from C:/Users/taejeong/STM32Cube/Repository/STM32Cube_FW_F4_V1.28.3/Drivers/STM32F4xx_HAL_Driver/Inc/stm32f4xx_hal_def.h:29,
                 from C:/Users/taejeong/STM32Cube/Repository/STM32Cube_FW_F4_V1.28.3/Drivers/STM32F4xx_HAL_Driver/Inc/stm32f4xx_hal_rcc.h:27,
                 from ../Core/Inc/stm32f4xx_hal_conf.h:275,
                 from C:/Users/taejeong/STM32Cube/Repository/STM32Cube_FW_F4_V1.28.3/Drivers/STM32F4xx_HAL_Driver/Inc/stm32f4xx_hal.h:29,
                 from ../Core/Inc/main.h:30,
                 from ../Core/Src/main.c:20:
C:/Users/taejeong/STM32Cube/Repository/STM32Cube_FW_F4_V1.28.3/Drivers/CMSIS/Device/ST/STM32F4xx/Include/stm32f446xx.h:51: warning: "__FPU_PRESENT" redefined
   51 | #define __FPU_PRESENT             1U       /*!< FPU present                                   */
      | 
<command-line>: note: this is the location of the previous definition
../Core/Src/main.c: In function 'Publish_Message':
../Core/Src/main.c:777:44: warning: pointer targets in passing argument 4 of 'Send_AT_Command' differ in signedness [-Wpointer-sign]
  777 |     Send_AT_Command(&huart3, &huart2, cmd, wizfi_rx_buffer, WIZFI360_MAX_RESPONSE_SIZE, 1000);
      |                                            ^~~~~~~~~~~~~~~
      |                                            |
      |                                            char *
../Core/Src/main.c:586:115: note: expected 'uint8_t *' {aka 'unsigned char *'} but argument is of type 'char *'
  586 | void Send_AT_Command(UART_HandleTypeDef *huart_wiz, UART_HandleTypeDef *huart_term, const char *command, uint8_t *response_buffer, uint16_t buffer_size, uint32_t timeout)
      |                                                                                                          ~~~~~~~~~^~~~~~~~~~~~~~~
../Core/Src/main.c: In function 'main':
../Core/Src/main.c:1031:9: warning: unused variable 'start_msg' [-Wunused-variable]
 1031 |   char *start_msg = "STM32 WizFi360 MQTT Test Start! (PuTTY=USART2, WizFi360=USART3)\r\n";
      |         ^~~~~~~~~
../Core/Src/main.c:1029:12: warning: unused variable 'last_pub_tick' [-Wunused-variable]
 1029 |   uint32_t last_pub_tick = 0; // 마지막 메시지 발행 시간 저장
      |            ^~~~~~~~~~~~~
../Core/Src/main.c:1028:8: warning: unused variable 'post_data_buffer' [-Wunused-variable]
 1028 |   char post_data_buffer[150]; //json 문자열 버퍼
      |        ^~~~~~~~~~~~~~~~
../Core/Src/main.c:1026:7: warning: unused variable 'tempAovoid' [-Wunused-variable]
 1026 |   int tempAovoid = 0; // 0 = right, 1 = left
      |       ^~~~~~~~~~
../Core/Src/main.c:1025:7: warning: unused variable 'failCount' [-Wunused-variable]
 1025 |   int failCount = 0;
      |       ^~~~~~~~~
../Core/Src/main.c:893:14: warning: unused variable 'debug_msg' [-Wunused-variable]
  893 |         char debug_msg[100]; // 디버깅 메시지 버퍼
      |              ^~~~~~~~~
../Core/Src/main.c:892:21: warning: unused variable 'countR' [-Wunused-variable]
  892 |         int countL, countR; //  엔코더 카운트 저장 변수
      |                     ^~~~~~
../Core/Src/main.c:892:13: warning: unused variable 'countL' [-Wunused-variable]
  892 |         int countL, countR; //  엔코더 카운트 저장 변수
      |             ^~~~~~
arm-none-eabi-g++ -o "SoundTest1127.elf" @"objects.list"   -mcpu=cortex-m4 -T"C:\Users\taejeong\STM32CubeIDE\iot\NewIot1123\VibeClean\SoundTest1127\STM32F446RETX_FLASH.ld" -Wl,-Map="SoundTest1127.map" -Wl,--gc-sections -static -u _printf_float --specs=nano.specs -mfpu=fpv4-sp-d16 -mfloat-abi=hard -mthumb -Wl,--start-group -lc -lm -lstdc++ -lsupc++ -Wl,--end-group
Finished building target: SoundTest1127.elf
 
arm-none-eabi-size  SoundTest1127.elf 
arm-none-eabi-objdump -h -S SoundTest1127.elf  > "SoundTest1127.list"
   text	   data	    bss	    dec	    hex	filename
 162684	   1384	  50776	 214844	  3473c	SoundTest1127.elf
Finished building: default.size.stdout
 
Finished building: SoundTest1127.list
 

20:08:46 Build Finished. 0 errors, 10 warnings. (took 7s.607ms)

