00:42:08 **** Incremental Build of configuration Debug for project SoundTest ****
make -j16 all 
arm-none-eabi-gcc "../Core/Src/main.c" -mcpu=cortex-m4 -std=gnu11 -g3 -DDEBUG -DEI_CLASSIFIER_TFLITE_ENABLE_CMSIS_NN=1 -DEI_PORTING_STM32_CUBEAI=1 -DARM_MATH_CM4 -D__FPU_PRESENT=1 -DTF_LITE_STATIC_MEMORY=1 -DUSE_HAL_DRIVER -DSTM32F446xx -c -I../Core/Inc -I"C:/Users/taejeong/STM32CubeIDE/iot/NewIot1123/VibeClean/HW/STM32/Edge-AI" -I"C:/Users/taejeong/STM32CubeIDE/iot/NewIot1123/VibeClean/HW/STM32/Edge-AI/edge-impulse-sdk" -I"C:/Users/taejeong/STM32CubeIDE/iot/NewIot1123/VibeClean/HW/STM32/Edge-AI/model-parameters" -I"C:/Users/taejeong/STM32CubeIDE/iot/NewIot1123/VibeClean/HW/STM32/Edge-AI/tflite-model" -I"C:/Users/taejeong/STM32CubeIDE/iot/NewIot1123/VibeClean/HW/STM32/Edge-AI/edge-impulse-sdk/porting" -I"C:/Users/taejeong/STM32CubeIDE/iot/NewIot1123/VibeClean/HW/STM32/Edge-AI/edge-impulse-sdk/classifier" -I"C:/Users/taejeong/STM32CubeIDE/iot/NewIot1123/VibeClean/HW/STM32/Edge-AI/edge-impulse-sdk/CMSIS/Core/Include" -I"C:/Users/taejeong/STM32CubeIDE/iot/NewIot1123/VibeClean/HW/STM32/Edge-AI/edge-impulse-sdk/CMSIS/DSP/Include" -I"C:/Users/taejeong/STM32CubeIDE/iot/NewIot1123/VibeClean/HW/STM32/Edge-AI/edge-impulse-sdk/dsp" -IC:/Users/taejeong/STM32Cube/Repository/STM32Cube_FW_F4_V1.28.3/Drivers/STM32F4xx_HAL_Driver/Inc -IC:/Users/taejeong/STM32Cube/Repository/STM32Cube_FW_F4_V1.28.3/Drivers/STM32F4xx_HAL_Driver/Inc/Legacy -IC:/Users/taejeong/STM32Cube/Repository/STM32Cube_FW_F4_V1.28.3/Drivers/CMSIS/Device/ST/STM32F4xx/Include -IC:/Users/taejeong/STM32Cube/Repository/STM32Cube_FW_F4_V1.28.3/Drivers/CMSIS/Include -IC:/Users/82109/STM32Cube/Repository/STM32Cube_FW_F4_V1.28.3/Drivers/STM32F4xx_HAL_Driver/Inc -IC:/Users/82109/STM32Cube/Repository/STM32Cube_FW_F4_V1.28.3/Drivers/STM32F4xx_HAL_Driver/Inc/Legacy -IC:/Users/82109/STM32Cube/Repository/STM32Cube_FW_F4_V1.28.3/Drivers/CMSIS/Device/ST/STM32F4xx/Include -IC:/Users/82109/STM32Cube/Repository/STM32Cube_FW_F4_V1.28.3/Drivers/CMSIS/Include -IC:/Users/goldl/STM32Cube/Repository/STM32Cube_FW_F4_V1.28.3/Drivers/STM32F4xx_HAL_Driver/Inc -IC:/Users/goldl/STM32Cube/Repository/STM32Cube_FW_F4_V1.28.3/Drivers/STM32F4xx_HAL_Driver/Inc/Legacy -IC:/Users/goldl/STM32Cube/Repository/STM32Cube_FW_F4_V1.28.3/Drivers/CMSIS/Device/ST/STM32F4xx/Include -IC:/Users/goldl/STM32Cube/Repository/STM32Cube_FW_F4_V1.28.3/Drivers/CMSIS/Include -O2 -ffunction-sections -fdata-sections -Wall -fstack-usage -fcyclomatic-complexity -MMD -MP -MF"Core/Src/main.d" -MT"Core/Src/main.o" --specs=nano.specs -mfpu=fpv4-sp-d16 -mfloat-abi=hard -mthumb -o "Core/Src/main.o"
In file included from C:/Users/taejeong/STM32Cube/Repository/STM32Cube_FW_F4_V1.28.3/Drivers/CMSIS/Device/ST/STM32F4xx/Include/stm32f4xx.h:156,
                 from C:/Users/taejeong/STM32Cube/Repository/STM32Cube_FW_F4_V1.28.3/Drivers/STM32F4xx_HAL_Driver/Inc/stm32f4xx_hal_def.h:29,
                 from C:/Users/taejeong/STM32Cube/Repository/STM32Cube_FW_F4_V1.28.3/Drivers/STM32F4xx_HAL_Driver/Inc/stm32f4xx_hal_rcc.h:27,
                 from ../Core/Inc/stm32f4xx_hal_conf.h:275,
                 from C:/Users/taejeong/STM32Cube/Repository/STM32Cube_FW_F4_V1.28.3/Drivers/STM32F4xx_HAL_Driver/Inc/stm32f4xx_hal.h:29,
                 from ../Core/Inc/main.h:30,
                 from ../Core/Src/main.c:20:
C:/Users/taejeong/STM32Cube/Repository/STM32Cube_FW_F4_V1.28.3/Drivers/CMSIS/Device/ST/STM32F4xx/Include/stm32f446xx.h:51: warning: "__FPU_PRESENT" redefined
   51 | #define __FPU_PRESENT             1U       /*!< FPU present                                   */
      | 
<command-line>: note: this is the location of the previous definition
../Core/Src/main.c: In function 'Publish_Message':
../Core/Src/main.c:696:44: warning: pointer targets in passing argument 4 of 'Send_AT_Command' differ in signedness [-Wpointer-sign]
  696 |     Send_AT_Command(&huart3, &huart2, cmd, wizfi_rx_buffer, WIZFI360_MAX_RESPONSE_SIZE, 500);
      |                                            ^~~~~~~~~~~~~~~
      |                                            |
      |                                            char *
../Core/Src/main.c:505:115: note: expected 'uint8_t *' {aka 'unsigned char *'} but argument is of type 'char *'
  505 | void Send_AT_Command(UART_HandleTypeDef *huart_wiz, UART_HandleTypeDef *huart_term, const char *command, uint8_t *response_buffer, uint16_t buffer_size, uint32_t timeout)
      |                                                                                                          ~~~~~~~~~^~~~~~~~~~~~~~~
../Core/Src/main.c: In function 'main':
../Core/Src/main.c:900:9: warning: unused variable 'start_msg' [-Wunused-variable]
  900 |   char *start_msg = "STM32 WizFi360 MQTT Test Start! (PuTTY=USART2, WizFi360=USART3)\r\n";
      |         ^~~~~~~~~
../Core/Src/main.c:897:8: warning: unused variable 'post_data_buffer' [-Wunused-variable]
  897 |   char post_data_buffer[150]; //json 문자열 버퍼
      |        ^~~~~~~~~~~~~~~~
../Core/Src/main.c:812:14: warning: unused variable 'debug_msg' [-Wunused-variable]
  812 |         char debug_msg[100]; // 디버깅 메시지 버퍼
      |              ^~~~~~~~~
../Core/Src/main.c:811:21: warning: unused variable 'countR' [-Wunused-variable]
  811 |         int countL, countR; //  엔코더 카운트 저장 변수
      |                     ^~~~~~
../Core/Src/main.c:811:13: warning: unused variable 'countL' [-Wunused-variable]
  811 |         int countL, countR; //  엔코더 카운트 저장 변수
      |             ^~~~~~
arm-none-eabi-g++ -o "SoundTest.elf" @"objects.list"   -mcpu=cortex-m4 -T"C:\Users\taejeong\STM32CubeIDE\iot\NewIot1123\VibeClean\HW\STM32\STM32F446RETX_FLASH.ld" -Wl,-Map="SoundTest.map" -Wl,--gc-sections -static -u _printf_float --specs=nano.specs -mfpu=fpv4-sp-d16 -mfloat-abi=hard -mthumb -Wl,--start-group -lc -lm -lstdc++ -lsupc++ -Wl,--end-group
Finished building target: SoundTest.elf
 
arm-none-eabi-size  SoundTest.elf 
arm-none-eabi-objdump -h -S SoundTest.elf  > "SoundTest.list"
   text	   data	    bss	    dec	    hex	filename
 167292	   1388	   6160	 174840	  2aaf8	SoundTest.elf
Finished building: default.size.stdout
 
Finished building: SoundTest.list
 

00:42:15 Build Finished. 0 errors, 7 warnings. (took 6s.592ms)

